::1 - - [11/Feb/2026 17:33:02] "GET / HTTP/1.1" 200 -
::1 - - [11/Feb/2026 17:35:06] "GET /app.js HTTP/1.1" 200 -
::1 - - [11/Feb/2026 17:38:24] "GET /dashboard.html HTTP/1.1" 200 -
::1 - - [11/Feb/2026 17:38:24] "GET /ebexgramlogo.png HTTP/1.1" 200 -
::1 - - [11/Feb/2026 17:38:24] code 404, message File not found
::1 - - [11/Feb/2026 17:38:24] "GET /favicon.ico HTTP/1.1" 404 -
::1 - - [11/Feb/2026 17:39:26] "GET / HTTP/1.1" 200 -
::1 - - [11/Feb/2026 17:39:26] "GET /styles.css HTTP/1.1" 200 -
::1 - - [11/Feb/2026 17:39:26] "GET /IMG_20241005_231150.jpg HTTP/1.1" 200 -
::1 - - [11/Feb/2026 17:39:26] "GET /bubble-background.js HTTP/1.1" 200 -
::1 - - [11/Feb/2026 17:39:26] "GET /app.js HTTP/1.1" 200 -
::1 - - [11/Feb/2026 17:39:26] "GET /chat-manager.js HTTP/1.1" 200 -
::1 - - [11/Feb/2026 17:39:52] "GET / HTTP/1.1" 200 -
::1 - - [11/Feb/2026 17:42:16] "GET / HTTP/1.1" 200 -
::1 - - [11/Feb/2026 17:44:42] "GET / HTTP/1.1" 200 -
::1 - - [11/Feb/2026 17:44:42] "GET /app.js HTTP/1.1" 200 -
::1 - - [11/Feb/2026 17:44:42] "GET /chat-manager.js HTTP/1.1" 200 -
::1 - - [11/Feb/2026 17:44:54] "GET / HTTP/1.1" 200 -
::1 - - [11/Feb/2026 17:44:54] "GET /app.js HTTP/1.1" 304 -
::1 - - [11/Feb/2026 17:44:54] "GET /chat-manager.js HTTP/1.1" 304 -
::1 - - [11/Feb/2026 17:44:55] "GET / HTTP/1.1" 200 -
::1 - - [11/Feb/2026 18:07:08] "GET / HTTP/1.1" 200 -
::1 - - [11/Feb/2026 18:07:08] "GET /styles.css HTTP/1.1" 304 -
::1 - - [11/Feb/2026 18:07:08] "GET /app.js HTTP/1.1" 200 -
::1 - - [11/Feb/2026 18:07:08] "GET /chat-manager.js HTTP/1.1" 304 -
::1 - - [12/Feb/2026 16:24:26] "GET / HTTP/1.1" 200 -
::1 - - [12/Feb/2026 16:24:26] "GET /styles.css HTTP/1.1" 304 -
::1 - - [12/Feb/2026 16:24:26] "GET /bubble-background.js HTTP/1.1" 304 -
::1 - - [12/Feb/2026 16:24:26] "GET /app.js HTTP/1.1" 200 -
::1 - - [12/Feb/2026 16:24:26] "GET /ebexgramlogo.png HTTP/1.1" 304 -
::1 - - [12/Feb/2026 16:24:26] "GET /chat-manager.js HTTP/1.1" 304 -
::1 - - [12/Feb/2026 16:24:57] "GET / HTTP/1.1" 200 -
::1 - - [12/Feb/2026 16:24:57] "GET /app.js HTTP/1.1" 200 -
::1 - - [12/Feb/2026 16:26:09] "GET / HTTP/1.1" 200 -
::1 - - [12/Feb/2026 16:26:09] "GET /app.js HTTP/1.1" 304 -
::1 - - [12/Feb/2026 16:29:15] "GET / HTTP/1.1" 200 -
::1 - - [12/Feb/2026 16:29:15] "GET /app.js HTTP/1.1" 200 -
::1 - - [12/Feb/2026 16:31:23] "GET / HTTP/1.1" 200 -
::1 - - [12/Feb/2026 16:31:23] "GET /app.js HTTP/1.1" 304 -
::1 - - [12/Feb/2026 16:32:16] "GET / HTTP/1.1" 200 -
::1 - - [12/Feb/2026 16:32:16] "GET /app.js HTTP/1.1" 304 -
::1 - - [12/Feb/2026 16:32:24] "GET /dashboard.html HTTP/1.1" 200 -
::1 - - [12/Feb/2026 16:32:24] "GET /ebexgramlogo.png HTTP/1.1" 304 -
::1 - - [12/Feb/2026 16:32:27] "GET / HTTP/1.1" 200 -
::1 - - [12/Feb/2026 16:33:23] "GET /app.js HTTP/1.1" 304 -
::1 - - [12/Feb/2026 16:46:50] "GET / HTTP/1.1" 200 -
::1 - - [12/Feb/2026 16:46:50] "GET /styles.css HTTP/1.1" 200 -
::1 - - [12/Feb/2026 16:46:50] "GET /ebexgramlogo.png HTTP/1.1" 200 -
::1 - - [12/Feb/2026 16:46:50] "GET /bubble-background.js HTTP/1.1" 200 -
::1 - - [12/Feb/2026 16:46:50] "GET /app.js?v=1707743542 HTTP/1.1" 200 -
::1 - - [12/Feb/2026 16:46:50] "GET /IMG_20241005_231150.jpg HTTP/1.1" 200 -
::1 - - [12/Feb/2026 16:46:50] "GET /chat-manager.js?v=1707743542 HTTP/1.1" 200 -
::1 - - [12/Feb/2026 22:03:00] "GET / HTTP/1.1" 200 -
::1 - - [12/Feb/2026 22:03:00] "GET /styles.css HTTP/1.1" 304 -
::1 - - [12/Feb/2026 22:03:00] "GET /app.js?v=1707743542 HTTP/1.1" 200 -
::1 - - [12/Feb/2026 22:03:00] "GET /bubble-background.js HTTP/1.1" 304 -
::1 - - [12/Feb/2026 22:03:00] "GET /ebexgramlogo.png HTTP/1.1" 304 -
::1 - - [12/Feb/2026 22:03:00] "GET /chat-manager.js?v=1707743542 HTTP/1.1" 200 -
::1 - - [13/Feb/2026 23:03:46] "GET / HTTP/1.1" 200 -
::1 - - [13/Feb/2026 23:03:47] "GET /styles.css HTTP/1.1" 304 -
::1 - - [13/Feb/2026 23:03:47] "GET /app.js?v=1707764580 HTTP/1.1" 200 -
::1 - - [13/Feb/2026 23:03:47] "GET /bubble-background.js HTTP/1.1" 304 -
::1 - - [13/Feb/2026 23:03:47] "GET /ebexgramlogo.png HTTP/1.1" 304 -
::1 - - [13/Feb/2026 23:03:47] "GET /chat-manager.js?v=1707764580 HTTP/1.1" 200 -
::1 - - [13/Feb/2026 23:07:43] "GET /dashboard.html HTTP/1.1" 200 -
::1 - - [13/Feb/2026 23:07:43] "GET /ebexgramlogo.png HTTP/1.1" 304 -
::1 - - [13/Feb/2026 23:08:10] "GET / HTTP/1.1" 200 -
::1 - - [13/Feb/2026 23:08:10] "GET /app.js?v=1707885026 HTTP/1.1" 200 -
::1 - - [13/Feb/2026 23:08:10] "GET /chat-manager.js?v=1707885026 HTTP/1.1" 200 -
